[ERROR] `cache_position` is part of K2HorizonModel.forward's signature, but not documented. Make sure to add it to the docstring of the function in /home/peter/.cache/huggingface/modules/transformers_modules/_6360f705b2e57d542959e6a2e67ebeb95dae0373/61ad561839604e4f/modeling_k2_horizon.py.
[ERROR] `cache_position` is part of K2HorizonForCausalLM.forward's signature, but not documented. Make sure to add it to the docstring of the function in /home/peter/.cache/huggingface/modules/transformers_modules/_6360f705b2e57d542959e6a2e67ebeb95dae0373/61ad561839604e4f/modeling_k2_horizon.py.
Loading weights:   0%|          | 0/327 [00:00<?, ?it/s]Loading weights: 100%|██████████| 327/327 [00:00<00:00, 5448.81it/s]
[ERROR] `cache_position` is part of K2HorizonModel.forward's signature, but not documented. Make sure to add it to the docstring of the function in /home/peter/.cache/huggingface/modules/transformers_modules/d6a80e21f447768a61f1c976aa8e7d8e82a20d57/61ad561839604e4f/modeling_k2_horizon.py.
[ERROR] `cache_position` is part of K2HorizonForCausalLM.forward's signature, but not documented. Make sure to add it to the docstring of the function in /home/peter/.cache/huggingface/modules/transformers_modules/d6a80e21f447768a61f1c976aa8e7d8e82a20d57/61ad561839604e4f/modeling_k2_horizon.py.
Loading weights:   0%|          | 0/327 [00:00<?, ?it/s]Loading weights: 100%|██████████| 327/327 [00:00<00:00, 4247.52it/s]
ridge: accumulated 2048 tokens
ridge: accumulated 4096 tokens
ridge: accumulated 6144 tokens
ridge: accumulated 8192 tokens
ridge: accumulated 10240 tokens
ridge: accumulated 12288 tokens
ridge: accumulated 14336 tokens
ridge: accumulated 16384 tokens
ridge: accumulated 18432 tokens
ridge: accumulated 20480 tokens
ridge: accumulated 22528 tokens
ridge: accumulated 24576 tokens
ridge: accumulated 26624 tokens
ridge: accumulated 28672 tokens
ridge: accumulated 30720 tokens
ridge: accumulated 32768 tokens
ridge: accumulated 34816 tokens
ridge: accumulated 36864 tokens
ridge: accumulated 38912 tokens
ridge: accumulated 40960 tokens
ridge: accumulated 43008 tokens
ridge: accumulated 45056 tokens
ridge: accumulated 47104 tokens
ridge: accumulated 49152 tokens
ridge: accumulated 51200 tokens
ridge: accumulated 53248 tokens
ridge: accumulated 55296 tokens
ridge: accumulated 57344 tokens
ridge: accumulated 59392 tokens
ridge: accumulated 61440 tokens
ridge: accumulated 63488 tokens
ridge: accumulated 65536 tokens
ridge: accumulated 67584 tokens
ridge: accumulated 69632 tokens
ridge: accumulated 71680 tokens
ridge: accumulated 73728 tokens
ridge: accumulated 75776 tokens
ridge: accumulated 77824 tokens
ridge: accumulated 79872 tokens
ridge: accumulated 81920 tokens
ridge: accumulated 83968 tokens
ridge: accumulated 86016 tokens
ridge: accumulated 88064 tokens
ridge: accumulated 90112 tokens
ridge: accumulated 92160 tokens
ridge: accumulated 94208 tokens
ridge: accumulated 96256 tokens
ridge: accumulated 98304 tokens
ridge: accumulated 100352 tokens
ridge: accumulated 102400 tokens
ridge: accumulated 104448 tokens
ridge: accumulated 106496 tokens
ridge: accumulated 108544 tokens
ridge: accumulated 110592 tokens
ridge: accumulated 112640 tokens
ridge: accumulated 114688 tokens
ridge: accumulated 116736 tokens
ridge: accumulated 118784 tokens
ridge: accumulated 120832 tokens
ridge: accumulated 122880 tokens
ridge: accumulated 124928 tokens
ridge: accumulated 126976 tokens
ridge: accumulated 129024 tokens
ridge: accumulated 131072 tokens
ridge: accumulated 133120 tokens
ridge: accumulated 135168 tokens
ridge: accumulated 137216 tokens
ridge: accumulated 139264 tokens
ridge: accumulated 141312 tokens
ridge: accumulated 143360 tokens
ridge: accumulated 145408 tokens
ridge: accumulated 147456 tokens
ridge: accumulated 149504 tokens
ridge: accumulated 151552 tokens
ridge: accumulated 153600 tokens
ridge: accumulated 155648 tokens
ridge: accumulated 157696 tokens
ridge: accumulated 159744 tokens
ridge: accumulated 161792 tokens
ridge: accumulated 163840 tokens
ridge: accumulated 165888 tokens
ridge: accumulated 167936 tokens
ridge: accumulated 169984 tokens
ridge: accumulated 172032 tokens
ridge: accumulated 174080 tokens
ridge: accumulated 176128 tokens
ridge: accumulated 178176 tokens
ridge: accumulated 180224 tokens
ridge: accumulated 182272 tokens
ridge: accumulated 184320 tokens
ridge: accumulated 186368 tokens
ridge: accumulated 188416 tokens
ridge: accumulated 190464 tokens
ridge: accumulated 192512 tokens
ridge: accumulated 194560 tokens
ridge: accumulated 196608 tokens
ridge: accumulated 198656 tokens
ridge: accumulated 200704 tokens
ridge: accumulated 202752 tokens
ridge: accumulated 204800 tokens
ridge: accumulated 206848 tokens
ridge: accumulated 208896 tokens
ridge: accumulated 210944 tokens
ridge: accumulated 212992 tokens
ridge: accumulated 215040 tokens
ridge: accumulated 217088 tokens
ridge: accumulated 219136 tokens
ridge: accumulated 221184 tokens
ridge: accumulated 223232 tokens
ridge: accumulated 225280 tokens
ridge: accumulated 227328 tokens
ridge: accumulated 229376 tokens
ridge: accumulated 231424 tokens
ridge: accumulated 233472 tokens
ridge: accumulated 235520 tokens
ridge: accumulated 237568 tokens
ridge: accumulated 239616 tokens
ridge: accumulated 241664 tokens
ridge: accumulated 243712 tokens
ridge: accumulated 245760 tokens
ridge: accumulated 247808 tokens
ridge: accumulated 249856 tokens
ridge: accumulated 251904 tokens
ridge: accumulated 253952 tokens
ridge: accumulated 256000 tokens
ridge: accumulated 258048 tokens
ridge: accumulated 260096 tokens
ridge: accumulated 262144 tokens
ridge: accumulated 264192 tokens
ridge: accumulated 266240 tokens
ridge: accumulated 268288 tokens
ridge: accumulated 270336 tokens
ridge: accumulated 272384 tokens
ridge: accumulated 274432 tokens
ridge: accumulated 276480 tokens
ridge: accumulated 278528 tokens
ridge: accumulated 280576 tokens
ridge: accumulated 282624 tokens
ridge: accumulated 284672 tokens
ridge: accumulated 286720 tokens
ridge: accumulated 288768 tokens
ridge: accumulated 290816 tokens
ridge: accumulated 292864 tokens
ridge: accumulated 294912 tokens
ridge: accumulated 296960 tokens
ridge: accumulated 299008 tokens
ridge: accumulated 301056 tokens
ridge: accumulated 303104 tokens
ridge: accumulated 305152 tokens
ridge: accumulated 307200 tokens
ridge: accumulated 309248 tokens
ridge: accumulated 311296 tokens
ridge: accumulated 313344 tokens
ridge: accumulated 315392 tokens
ridge: accumulated 317440 tokens
ridge: accumulated 319488 tokens
ridge: accumulated 321536 tokens
ridge: accumulated 323584 tokens
ridge: accumulated 325632 tokens
ridge: accumulated 327680 tokens
ridge: accumulated 329728 tokens
ridge: accumulated 331776 tokens
ridge: accumulated 333824 tokens
ridge: accumulated 335872 tokens
ridge: accumulated 337920 tokens
ridge: accumulated 339968 tokens
ridge: accumulated 342016 tokens
ridge: accumulated 344064 tokens
ridge: accumulated 346112 tokens
ridge: accumulated 348160 tokens
ridge: accumulated 350208 tokens
ridge: accumulated 352256 tokens
ridge: accumulated 354304 tokens
ridge: accumulated 356352 tokens
ridge: accumulated 358400 tokens
ridge: accumulated 360448 tokens
ridge: accumulated 362496 tokens
ridge: accumulated 364544 tokens
ridge: accumulated 366592 tokens
ridge: accumulated 368640 tokens
ridge: accumulated 370688 tokens
ridge: accumulated 372736 tokens
ridge: accumulated 374784 tokens
ridge: accumulated 376832 tokens
ridge: accumulated 378880 tokens
ridge: accumulated 380928 tokens
ridge: accumulated 382976 tokens
ridge: accumulated 385024 tokens
ridge: accumulated 387072 tokens
ridge: accumulated 389120 tokens
ridge: accumulated 391168 tokens
ridge: accumulated 393216 tokens
ridge: accumulated 395264 tokens
ridge: accumulated 397312 tokens
ridge: accumulated 399360 tokens
ridge: accumulated 401408 tokens
ridge: accumulated 403456 tokens
ridge: accumulated 405504 tokens
ridge: accumulated 407552 tokens
ridge: accumulated 409600 tokens
ridge: accumulated 411648 tokens
ridge: accumulated 413696 tokens
ridge: accumulated 415744 tokens
ridge: accumulated 417792 tokens
ridge: accumulated 419840 tokens
ridge: accumulated 421888 tokens
ridge: accumulated 423936 tokens
ridge: accumulated 425984 tokens
ridge: accumulated 428032 tokens
ridge: accumulated 430080 tokens
ridge: accumulated 432128 tokens
ridge: accumulated 434176 tokens
ridge: accumulated 436224 tokens
ridge: accumulated 438272 tokens
ridge: accumulated 440320 tokens
ridge: accumulated 442368 tokens
ridge: accumulated 444416 tokens
ridge: accumulated 446464 tokens
ridge: accumulated 448512 tokens
ridge: accumulated 450560 tokens
ridge: accumulated 452608 tokens
ridge: accumulated 454656 tokens
ridge: accumulated 456704 tokens
ridge: accumulated 458752 tokens
ridge: accumulated 460800 tokens
ridge: accumulated 462848 tokens
ridge: accumulated 464896 tokens
ridge: accumulated 466944 tokens
ridge: accumulated 468992 tokens
ridge: accumulated 471040 tokens
ridge: accumulated 473088 tokens
ridge: accumulated 475136 tokens
ridge: accumulated 477184 tokens
ridge: accumulated 479232 tokens
ridge: accumulated 481280 tokens
ridge: accumulated 483328 tokens
ridge: accumulated 485376 tokens
ridge: accumulated 487424 tokens
ridge: accumulated 489472 tokens
ridge: accumulated 491520 tokens
ridge: accumulated 493568 tokens
ridge: accumulated 495616 tokens
ridge: accumulated 497664 tokens
ridge: accumulated 499712 tokens
ridge: accumulated 501760 tokens
ridge: accumulated 503808 tokens
ridge: accumulated 505856 tokens
ridge: accumulated 507904 tokens
ridge: accumulated 509952 tokens
ridge: accumulated 512000 tokensTraceback (most recent call last):
  File "<frozen runpy>", line 198, in _run_module_as_main
  File "<frozen runpy>", line 88, in _run_code
  File "/home/peter/k2-cascade/k2cascade/projector/ridge.py", line 180, in <module>
    main()
  File "/home/peter/k2-cascade/k2cascade/projector/ridge.py", line 176, in main
    print("eval:", json.dumps(evaluate(src, tgt, proj, mk(held), a.prefix_len, with_source_oracle=True)))
                              ^^^^^^^^^^^^^^^^^^^^^^^^^^^^^^^^^^^^^^^^^^^^^^^^^^^^^^^^^^^^^^^^^^^^^^^^^
  File "/home/peter/k2-cascade/.venv/lib/python3.12/site-packages/torch/utils/_contextlib.py", line 124, in decorate_context
    return func(*args, **kwargs)
           ^^^^^^^^^^^^^^^^^^^^^
  File "/home/peter/k2-cascade/k2cascade/projector/eval.py", line 80, in evaluate
    sums["project"] += continuation_loss(
                       ^^^^^^^^^^^^^^^^^^
  File "/home/peter/k2-cascade/k2cascade/projector/eval.py", line 43, in continuation_loss
    h = base(input_ids=cont, past_key_values=cache, position_ids=pos[None].expand(b, -1),
        ^^^^^^^^^^^^^^^^^^^^^^^^^^^^^^^^^^^^^^^^^^^^^^^^^^^^^^^^^^^^^^^^^^^^^^^^^^^^^^^^^
  File "/home/peter/k2-cascade/.venv/lib/python3.12/site-packages/torch/nn/modules/module.py", line 1779, in _wrapped_call_impl
    return self._call_impl(*args, **kwargs)
           ^^^^^^^^^^^^^^^^^^^^^^^^^^^^^^^^
  File "/home/peter/k2-cascade/.venv/lib/python3.12/site-packages/torch/nn/modules/module.py", line 1790, in _call_impl
    return forward_call(*args, **kwargs)
           ^^^^^^^^^^^^^^^^^^^^^^^^^^^^^
  File "/home/peter/.cache/huggingface/modules/transformers_modules/d6a80e21f447768a61f1c976aa8e7d8e82a20d57/61ad561839604e4f/modeling_k2_horizon.py", line 891, in forward
    hidden_states = decoder_layer(
                    ^^^^^^^^^^^^^^
  File "/home/peter/k2-cascade/.venv/lib/python3.12/site-packages/transformers/modeling_layers.py", line 109, in __call__
    return super().__call__(*args, **kwargs)
           ^^^^^^^^^^^^^^^^^^^^^^^^^^^^^^^^^
  File "/home/peter/k2-cascade/.venv/lib/python3.12/site-packages/torch/nn/modules/module.py", line 1779, in _wrapped_call_impl
    return self._call_impl(*args, **kwargs)
           ^^^^^^^^^^^^^^^^^^^^^^^^^^^^^^^^
  File "/home/peter/k2-cascade/.venv/lib/python3.12/site-packages/torch/nn/modules/module.py", line 1790, in _call_impl
    return forward_call(*args, **kwargs)
           ^^^^^^^^^^^^^^^^^^^^^^^^^^^^^
  File "/home/peter/k2-cascade/.venv/lib/python3.12/site-packages/transformers/utils/deprecation.py", line 171, in wrapped_func
    return func(*args, **kwargs)
           ^^^^^^^^^^^^^^^^^^^^^
  File "/home/peter/.cache/huggingface/modules/transformers_modules/d6a80e21f447768a61f1c976aa8e7d8e82a20d57/61ad561839604e4f/modeling_k2_horizon.py", line 709, in forward
    hidden_states, _ = self.self_attn(
                       ^^^^^^^^^^^^^^^
  File "/home/peter/k2-cascade/.venv/lib/python3.12/site-packages/torch/nn/modules/module.py", line 1779, in _wrapped_call_impl
    return self._call_impl(*args, **kwargs)
           ^^^^^^^^^^^^^^^^^^^^^^^^^^^^^^^^
  File "/home/peter/k2-cascade/.venv/lib/python3.12/site-packages/torch/nn/modules/module.py", line 1790, in _call_impl
    return forward_call(*args, **kwargs)
           ^^^^^^^^^^^^^^^^^^^^^^^^^^^^^
  File "/home/peter/k2-cascade/.venv/lib/python3.12/site-packages/transformers/utils/deprecation.py", line 171, in wrapped_func
    return func(*args, **kwargs)
           ^^^^^^^^^^^^^^^^^^^^^
  File "/home/peter/.cache/huggingface/modules/transformers_modules/d6a80e21f447768a61f1c976aa8e7d8e82a20d57/61ad561839604e4f/modeling_k2_horizon.py", line 300, in forward
    attn_output, attn_weights = attention_interface(
                                ^^^^^^^^^^^^^^^^^^^^
  File "/home/peter/k2-cascade/.venv/lib/python3.12/site-packages/transformers/integrations/sdpa_attention.py", line 158, in sdpa_attention_forward
    attn_output = torch.nn.functional.scaled_dot_product_attention(
                  ^^^^^^^^^^^^^^^^^^^^^^^^^^^^^^^^^^^^^^^^^^^^^^^^^
RuntimeError: Expected query, key, and value to have the same dtype, but got query.dtype: c10::BFloat16 key.dtype: float and value.dtype: float instead.

ridge: accumulated 514048 tokens
ridge: accumulated 516096 tokens
ridge: accumulated 518144 tokens
ridge: accumulated 520192 tokens
ridge: accumulated 522240 tokens
ridge: accumulated 524288 tokens
layer_map: [[0], [1], [2], [3], [4], [5], [6], [7], [8], [9], [10], [11], [12], [13], [14], [15], [16], [17], [18], [19], [20], [21], [22], [23], [24], [25], [26], [27], [28], [29], [30], [31], [32], [33], [34], [35]]
